npm warn Unknown project config "link-workspace-packages". This will stop working in the next major version of npm. See `npm help npmrc` for supported config options.
npm warn Unknown project config "prefer-workspace-packages". This will stop working in the next major version of npm. See `npm help npmrc` for supported config options.
cutoff 0.88 평균실력상관 0.903
  lab gap: 양학98%600판=481 양학100%600판=533 양학95%300판=425 정직최상위60%=570 정직최상위70%=672 OUTLIER=831
  시즌 최고 gap: 431 377 392 486 447 364 498 492 459
cutoff 0.9 평균실력상관 0.907
  lab gap: 양학98%600판=514 양학100%600판=566 양학95%300판=455 정직최상위60%=570 정직최상위70%=673 OUTLIER=846
  시즌 최고 gap: 456 407 420 515 471 410 545 553 485
cutoff 0.92 평균실력상관 0.910
  lab gap: 양학98%600판=555 양학100%600판=603 양학95%300판=483 정직최상위60%=570 정직최상위70%=673 OUTLIER=851
  시즌 최고 gap: 473 428 466 532 492 442 580 606 507

===== 배율 스윕 =====
cut 0.88 scale 3.3 | 시즌최고 4642 | 4800+시즌 0/9 4900+ 0/9 5000+ 0/9 | 양학100% 4760 양학98% 4588 정직70% 5218 OUT 5744
cut 0.88 scale 3.5 | 시즌최고 4742 | 4800+시즌 0/9 4900+ 0/9 5000+ 0/9 | 양학100% 4867 양학98% 4684 정직70% 5352 OUT 5910
cut 0.88 scale 3.6 | 시즌최고 4791 | 4800+시즌 0/9 4900+ 0/9 5000+ 0/9 | 양학100% 4920 양학98% 4733 정직70% 5419 OUT 5993
cut 0.88 scale 3.8 | 시즌최고 4891 | 4800+시즌 3/9 4900+ 0/9 5000+ 0/9 | 양학100% 5027 양학98% 4829 정직70% 5554 OUT 6160
cut 0.88 scale 4 | 시즌최고 4990 | 4800+시즌 4/9 4900+ 3/9 5000+ 0/9 | 양학100% 5133 양학98% 4925 정직70% 5688 OUT 6326
cut 0.9 scale 3.3 | 시즌최고 4824 | 4800+시즌 1/9 4900+ 0/9 5000+ 0/9 | 양학100% 4868 양학98% 4695 정직70% 5220 OUT 5791
cut 0.9 scale 3.5 | 시즌최고 4934 | 4800+시즌 3/9 4900+ 2/9 5000+ 0/9 | 양학100% 4981 양학98% 4798 정직70% 5355 OUT 5960
cut 0.9 scale 3.6 | 시즌최고 4989 | 4800+시즌 3/9 4900+ 2/9 5000+ 0/9 | 양학100% 5038 양학98% 4849 정직70% 5422 OUT 6045
cut 0.9 scale 3.8 | 시즌최고 5100 | 4800+시즌 4/9 4900+ 3/9 5000+ 2/9 | 양학100% 5151 양학98% 4952 정직70% 5557 OUT 6214
cut 0.9 scale 4 | 시즌최고 5211 | 4800+시즌 6/9 4900+ 4/9 5000+ 3/9 | 양학100% 5264 양학98% 5054 정직70% 5691 OUT 6383
cut 0.92 scale 3.3 | 시즌최고 4998 | 4800+시즌 2/9 4900+ 2/9 5000+ 0/9 | 양학100% 4989 양학98% 4830 정직70% 5220 OUT 5809
cut 0.92 scale 3.5 | 시즌최고 5119 | 4800+시즌 3/9 4900+ 2/9 5000+ 2/9 | 양학100% 5109 양학98% 4941 정직70% 5355 OUT 5979
cut 0.92 scale 3.6 | 시즌최고 5180 | 4800+시즌 4/9 4900+ 3/9 5000+ 2/9 | 양학100% 5170 양학98% 4996 정직70% 5422 OUT 6064
cut 0.92 scale 3.8 | 시즌최고 5301 | 4800+시즌 5/9 4900+ 4/9 5000+ 3/9 | 양학100% 5290 양학98% 5107 정직70% 5557 OUT 6235
cut 0.92 scale 4 | 시즌최고 5422 | 4800+시즌 7/9 4900+ 5/9 5000+ 4/9 | 양학100% 5411 양학98% 5218 정직70% 5691 OUT 6405
