npm warn Unknown project config "link-workspace-packages". This will stop working in the next major version of npm. See `npm help npmrc` for supported config options.
npm warn Unknown project config "prefer-workspace-packages". This will stop working in the next major version of npm. See `npm help npmrc` for supported config options.
===== 1. 모집단 안정성 (cutoff .90 perf2% cap50) =====
pop  150 seed 1 | n  177 | 최고  4506 | 상관 0.918 | 4000:7 4100:6 4300:6 4500:1 4700:0 4800:0 4900:0 5000:0
pop  150 seed 2 | n  177 | 최고  4302 | 상관 0.932 | 4000:5 4100:5 4300:1 4500:0 4700:0 4800:0 4900:0 5000:0
pop  150 seed 3 | n  177 | 최고  4304 | 상관 0.901 | 4000:4 4100:4 4300:1 4500:0 4700:0 4800:0 4900:0 5000:0
pop  220 seed 1 | n  247 | 최고  4693 | 상관 0.908 | 4000:8 4100:7 4300:5 4500:1 4700:0 4800:0 4900:0 5000:0
pop  220 seed 2 | n  247 | 최고  4480 | 상관 0.918 | 4000:12 4100:9 4300:3 4500:0 4700:0 4800:0 4900:0 5000:0
pop  220 seed 3 | n  247 | 최고  4274 | 상관 0.893 | 4000:7 4100:6 4300:0 4500:0 4700:0 4800:0 4900:0 5000:0
pop  500 seed 1 | n  527 | 최고  4798 | 상관 0.880 | 4000:16 4100:11 4300:7 4500:5 4700:4 4800:0 4900:0 5000:0
pop  500 seed 2 | n  527 | 최고  4715 | 상관 0.919 | 4000:20 4100:16 4300:8 4500:3 4700:1 4800:0 4900:0 5000:0
pop  500 seed 3 | n  527 | 최고  4531 | 상관 0.897 | 4000:14 4100:10 4300:7 4500:1 4700:0 4800:0 4900:0 5000:0

===== 2. 퍼포먼스 0 / 2 / 5% (seed1 pop220) =====
C:\Users\LG\Desktop\서플라이\_sweep.ts:28
  console.log('perf',String(perf*100).padStart(3)+'%','| 상관',skillCorrelation(board).toFixed(4),'| 승률',d.winRate.toFixed(3),'| KD',d.kd.toFixed(3),'| MVP',d.mvp.toFixed(3),'| 역할편향',rb.map(r=>r.role[0]+':'+Math.round(r.avgDisplayed)).join(' '))
                                                                                                                                                                     ^

TypeError: Cannot read properties of undefined (reading 'toFixed')
    at <anonymous> (C:\Users\LG\Desktop\서플라이\_sweep.ts:28:162)
    at Object.<anonymous> (C:\Users\LG\Desktop\서플라이\_sweep.ts:40:1)
    at Module._compile (node:internal/modules/cjs/loader:1872:14)
    at Object.transformer (C:\Users\LG\Desktop\서플라이\node_modules\.pnpm\tsx@4.23.12\node_modules\tsx\dist\register-C557imBs.cjs:9:3619)
    at Module.load (node:internal/modules/cjs/loader:1594:32)
    at Module._load (node:internal/modules/cjs/loader:1396:12)
    at wrapModuleLoad (node:internal/modules/cjs/loader:255:19)
    at loadCJSModuleWithModuleLoad (node:internal/modules/esm/translators:372:15)
    at ModuleWrap.<anonymous> (node:internal/modules/esm/translators:244:9)
    at ModuleJob.run (node:internal/modules/esm/module_job:439:25)

Node.js v24.19.0
